/Users/karlzhang32/Documents/ME-433/HW16/FDCAN_Com_Polling/Src/main.c:103:10:readPot	2
/Users/karlzhang32/Documents/ME-433/HW16/FDCAN_Com_Polling/Src/main.c:116:6:writeINA219	1
/Users/karlzhang32/Documents/ME-433/HW16/FDCAN_Com_Polling/Src/main.c:126:9:readINA219	1
/Users/karlzhang32/Documents/ME-433/HW16/FDCAN_Com_Polling/Src/main.c:137:6:init_ina219	1
/Users/karlzhang32/Documents/ME-433/HW16/FDCAN_Com_Polling/Src/main.c:145:6:motor_off	1
/Users/karlzhang32/Documents/ME-433/HW16/FDCAN_Com_Polling/Src/main.c:153:6:set_motor	4
/Users/karlzhang32/Documents/ME-433/HW16/FDCAN_Com_Polling/Src/main.c:171:6:HAL_TIM_PeriodElapsedCallback	6
/Users/karlzhang32/Documents/ME-433/HW16/FDCAN_Com_Polling/Src/main.c:676:6:BSP_PB_Callback	2
/Users/karlzhang32/Documents/ME-433/HW16/FDCAN_Com_Polling/Src/main.c:690:6:Error_Handler	1
/Users/karlzhang32/Documents/ME-433/HW16/FDCAN_Com_Polling/Src/main.c:337:6:SystemClock_Config	2
/Users/karlzhang32/Documents/ME-433/HW16/FDCAN_Com_Polling/Src/main.c:223:5:main	24
