/Users/karlzhang32/Documents/ME-433/HW16/FDCAN_Com_Polling/Src/main.c:103:10:readPot	2
/Users/karlzhang32/Documents/ME-433/HW16/FDCAN_Com_Polling/Src/main.c:116:6:writeINA219	1
/Users/karlzhang32/Documents/ME-433/HW16/FDCAN_Com_Polling/Src/main.c:126:9:readINA219	1
/Users/karlzhang32/Documents/ME-433/HW16/FDCAN_Com_Polling/Src/main.c:137:6:init_ina219	1
/Users/karlzhang32/Documents/ME-433/HW16/FDCAN_Com_Polling/Src/main.c:145:6:motor_off	1
/Users/karlzhang32/Documents/ME-433/HW16/FDCAN_Com_Polling/Src/main.c:153:6:set_motor	4
/Users/karlzhang32/Documents/ME-433/HW16/FDCAN_Com_Polling/Src/main.c:171:6:HAL_TIM_PeriodElapsedCallback	7
/Users/karlzhang32/Documents/ME-433/HW16/FDCAN_Com_Polling/Src/main.c:223:5:main	9
/Users/karlzhang32/Documents/ME-433/HW16/FDCAN_Com_Polling/Src/main.c:337:6:SystemClock_Config	3
/Users/karlzhang32/Documents/ME-433/HW16/FDCAN_Com_Polling/Src/main.c:376:13:MX_ADC1_Init	3
/Users/karlzhang32/Documents/ME-433/HW16/FDCAN_Com_Polling/Src/main.c:433:13:MX_FDCAN1_Init	2
/Users/karlzhang32/Documents/ME-433/HW16/FDCAN_Com_Polling/Src/main.c:476:13:MX_I2C1_Init	4
/Users/karlzhang32/Documents/ME-433/HW16/FDCAN_Com_Polling/Src/main.c:524:13:MX_TIM1_Init	8
/Users/karlzhang32/Documents/ME-433/HW16/FDCAN_Com_Polling/Src/main.c:610:13:MX_TIM2_Init	4
/Users/karlzhang32/Documents/ME-433/HW16/FDCAN_Com_Polling/Src/main.c:655:13:MX_GPIO_Init	1
/Users/karlzhang32/Documents/ME-433/HW16/FDCAN_Com_Polling/Src/main.c:676:6:BSP_PB_Callback	2
/Users/karlzhang32/Documents/ME-433/HW16/FDCAN_Com_Polling/Src/main.c:690:6:Error_Handler	1
